../Core/Src/main.c:92:6:microDelay	16	static
../Core/Src/main.c:98:9:DHT11_Start	32	static
../Core/Src/main.c:129:9:DHT11_Read	16	static
../Core/Src/main.c:154:6:connectWifi	64	static
../Core/Src/main.c:168:6:sendHTTPRequest	736	static
../Core/Src/main.c:185:6:checkDistance	16	static
../Core/Src/main.c:215:5:main	56	static
../Core/Src/main.c:349:6:SystemClock_Config	88	static
../Core/Src/main.c:396:13:MX_ADC1_Init	24	static
../Core/Src/main.c:443:13:MX_TIM1_Init	32	static
../Core/Src/main.c:489:13:MX_TIM2_Init	32	static
../Core/Src/main.c:534:13:MX_TIM3_Init	32	static
../Core/Src/main.c:579:13:MX_USART1_UART_Init	8	static
../Core/Src/main.c:612:13:MX_GPIO_Init	40	static
../Core/Src/main.c:691:6:HAL_TIM_PeriodElapsedCallback	16	static
../Core/Src/main.c:712:6:Error_Handler	4	static,ignoring_inline_asm
