../Core/Src/main.c:87:6:microDelay	16	static
../Core/Src/main.c:93:9:DHT11_Start	32	static
../Core/Src/main.c:124:9:DHT11_Read	16	static
../Core/Src/main.c:149:6:connectWifi	64	static
../Core/Src/main.c:163:6:sendHTTPRequest	736	static
../Core/Src/main.c:180:6:checkDistance	16	static
../Core/Src/main.c:213:5:main	56	static
../Core/Src/main.c:336:6:SystemClock_Config	88	static
../Core/Src/main.c:383:13:MX_ADC1_Init	24	static
../Core/Src/main.c:430:13:MX_TIM1_Init	32	static
../Core/Src/main.c:476:13:MX_TIM2_Init	32	static
../Core/Src/main.c:521:13:MX_TIM3_Init	32	static
../Core/Src/main.c:566:13:MX_USART1_UART_Init	8	static
../Core/Src/main.c:599:13:MX_GPIO_Init	40	static
../Core/Src/main.c:678:6:HAL_TIM_PeriodElapsedCallback	16	static
../Core/Src/main.c:699:6:Error_Handler	4	static,ignoring_inline_asm
